d:\recomp\cps1\sf2\build_cmake\cps1recomp\cps1recomp.dir\release\debug.obj
d:\recomp\cps1\sf2\build_cmake\cps1recomp\cps1recomp.dir\release\platform.obj
d:\recomp\cps1\sf2\build_cmake\cps1recomp\cps1recomp.dir\release\rom.obj
d:\recomp\cps1\sf2\build_cmake\cps1recomp\cps1recomp.dir\release\z80.obj
d:\recomp\cps1\sf2\build_cmake\cps1recomp\cps1recomp.dir\release\oki6295.obj
d:\recomp\cps1\sf2\build_cmake\cps1recomp\cps1recomp.dir\release\timer.obj
d:\recomp\cps1\sf2\build_cmake\cps1recomp\cps1recomp.dir\release\io.obj
d:\recomp\cps1\sf2\build_cmake\cps1recomp\cps1recomp.dir\release\palette.obj
d:\recomp\cps1\sf2\build_cmake\cps1recomp\cps1recomp.dir\release\video.obj
d:\recomp\cps1\sf2\build_cmake\cps1recomp\cps1recomp.dir\release\func_table.obj
d:\recomp\cps1\sf2\build_cmake\cps1recomp\cps1recomp.dir\release\bus.obj
d:\recomp\cps1\sf2\build_cmake\cps1recomp\cps1recomp.dir\release\m68k.obj
d:\recomp\cps1\sf2\build_cmake\cps1recomp\cps1recomp.dir\release\cps1recomp.obj
d:\recomp\cps1\sf2\build_cmake\cps1recomp\cps1recomp.dir\release\ym2151_ymfm.obj
d:\recomp\cps1\sf2\build_cmake\cps1recomp\cmakefiles\generate.stamp
d:\recomp\cps1\sf2\build_cmake\cps1recomp\release\cps1recomp.lib
d:\recomp\cps1\sf2\build_cmake\cps1recomp\cps1recomp.dir\release\cps1recomp.tlog\cl.command.1.tlog
d:\recomp\cps1\sf2\build_cmake\cps1recomp\cps1recomp.dir\release\cps1recomp.tlog\cl.items.tlog
d:\recomp\cps1\sf2\build_cmake\cps1recomp\cps1recomp.dir\release\cps1recomp.tlog\cl.read.1.tlog
d:\recomp\cps1\sf2\build_cmake\cps1recomp\cps1recomp.dir\release\cps1recomp.tlog\cl.write.1.tlog
d:\recomp\cps1\sf2\build_cmake\cps1recomp\cps1recomp.dir\release\cps1recomp.tlog\custombuild.command.1.tlog
d:\recomp\cps1\sf2\build_cmake\cps1recomp\cps1recomp.dir\release\cps1recomp.tlog\custombuild.read.1.tlog
d:\recomp\cps1\sf2\build_cmake\cps1recomp\cps1recomp.dir\release\cps1recomp.tlog\custombuild.write.1.tlog
d:\recomp\cps1\sf2\build_cmake\cps1recomp\cps1recomp.dir\release\cps1recomp.tlog\lib-link.read.1.tlog
d:\recomp\cps1\sf2\build_cmake\cps1recomp\cps1recomp.dir\release\cps1recomp.tlog\lib-link.write.1.tlog
d:\recomp\cps1\sf2\build_cmake\cps1recomp\cps1recomp.dir\release\cps1recomp.tlog\lib.command.1.tlog
