d:\recomp\cps1\sf2\build_cmake\sf2.dir\release\recomp_018e00_01ec1c.obj
d:\recomp\cps1\sf2\build_cmake\sf2.dir\release\recomp_012e76_018c2a.obj
d:\recomp\cps1\sf2\build_cmake\sf2.dir\release\recomp_0115d8_012e78.obj
d:\recomp\cps1\sf2\build_cmake\sf2.dir\release\recomp_0111be_0115d8.obj
d:\recomp\cps1\sf2\build_cmake\sf2.dir\release\recomp_0105e0_0111be.obj
d:\recomp\cps1\sf2\build_cmake\sf2.dir\release\recomp_00ffac_0105e2.obj
d:\recomp\cps1\sf2\build_cmake\sf2.dir\release\recomp_00f000_00ffb0.obj
d:\recomp\cps1\sf2\build_cmake\sf2.dir\release\recomp_00e1d8_00eea4.obj
d:\recomp\cps1\sf2\build_cmake\sf2.dir\release\recomp_00b800_00e1d4.obj
d:\recomp\cps1\sf2\build_cmake\sf2.dir\release\recomp_008b92_00b62a.obj
d:\recomp\cps1\sf2\build_cmake\sf2.dir\release\recomp_006e86_008a4a.obj
d:\recomp\cps1\sf2\build_cmake\sf2.dir\release\recomp_005fcc_006e64.obj
d:\recomp\cps1\sf2\build_cmake\sf2.dir\release\recomp_004566_005fcc.obj
d:\recomp\cps1\sf2\build_cmake\sf2.dir\release\recomp_00317a_004566.obj
d:\recomp\cps1\sf2\build_cmake\sf2.dir\release\recomp_002142_00317a.obj
d:\recomp\cps1\sf2\build_cmake\sf2.dir\release\recomp_001d0a_002142.obj
d:\recomp\cps1\sf2\build_cmake\sf2.dir\release\recomp_001500_001d0c.obj
d:\recomp\cps1\sf2\build_cmake\sf2.dir\release\recomp_000e28_001500.obj
d:\recomp\cps1\sf2\build_cmake\sf2.dir\release\recomp_000400_000e22.obj
d:\recomp\cps1\sf2\build_cmake\sf2.dir\release\main.obj
d:\recomp\cps1\sf2\build_cmake\sf2.dir\release\recomp_0500f6_05134a.obj
d:\recomp\cps1\sf2\build_cmake\sf2.dir\release\recomp_050050_0500f8.obj
d:\recomp\cps1\sf2\build_cmake\sf2.dir\release\recomp_0480a8_050050.obj
d:\recomp\cps1\sf2\build_cmake\sf2.dir\release\recomp_042d88_048016.obj
d:\recomp\cps1\sf2\build_cmake\sf2.dir\release\recomp_0400b2_042b26.obj
d:\recomp\cps1\sf2\build_cmake\sf2.dir\release\recomp_040004_0400b2.obj
d:\recomp\cps1\sf2\build_cmake\sf2.dir\release\recomp_03d8f4_040002.obj
d:\recomp\cps1\sf2\build_cmake\sf2.dir\release\recomp_03a120_03d8f4.obj
d:\recomp\cps1\sf2\build_cmake\sf2.dir\release\recomp_037796_03a0cc.obj
d:\recomp\cps1\sf2\build_cmake\sf2.dir\release\recomp_032f74_03771e.obj
d:\recomp\cps1\sf2\build_cmake\sf2.dir\release\recomp_0315c0_032f74.obj
d:\recomp\cps1\sf2\build_cmake\sf2.dir\release\recomp_030fa0_0315c0.obj
d:\recomp\cps1\sf2\build_cmake\sf2.dir\release\recomp_02fe26_030fa2.obj
d:\recomp\cps1\sf2\build_cmake\sf2.dir\release\recomp_02c000_02f83a.obj
d:\recomp\cps1\sf2\build_cmake\sf2.dir\release\recomp_026f3c_02c002.obj
d:\recomp\cps1\sf2\build_cmake\sf2.dir\release\recomp_024300_026f3e.obj
d:\recomp\cps1\sf2\build_cmake\sf2.dir\release\recomp_022004_0242ce.obj
d:\recomp\cps1\sf2\build_cmake\sf2.dir\release\recomp_02123e_021e12.obj
d:\recomp\cps1\sf2\build_cmake\sf2.dir\release\recomp_0200a6_02123e.obj
d:\recomp\cps1\sf2\build_cmake\sf2.dir\release\recomp_01ec2e_0200a8.obj
d:\recomp\cps1\sf2\build_cmake\sf2.dir\release\recomp_0b0300_0b9a3c.obj
d:\recomp\cps1\sf2\build_cmake\sf2.dir\release\recomp_0a003c_0b0134.obj
d:\recomp\cps1\sf2\build_cmake\sf2.dir\release\recomp_091164_0a003e.obj
d:\recomp\cps1\sf2\build_cmake\sf2.dir\release\recomp_08141a_09111e.obj
d:\recomp\cps1\sf2\build_cmake\sf2.dir\release\recomp_06d1fc_08141a.obj
d:\recomp\cps1\sf2\build_cmake\sf2.dir\release\recomp_0620f0_06b8f4.obj
d:\recomp\cps1\sf2\build_cmake\sf2.dir\release\recomp_0601b2_06202e.obj
d:\recomp\cps1\sf2\build_cmake\sf2.dir\release\recomp_06008c_06017e.obj
d:\recomp\cps1\sf2\build_cmake\sf2.dir\release\recomp_060018_060092.obj
d:\recomp\cps1\sf2\build_cmake\sf2.dir\release\recomp_05134a_06001c.obj
d:\recomp\cps1\sf2\build_cmake\cmakefiles\generate.stamp
d:\recomp\cps1\sf2\build_cmake\release\sf2.exe
d:\recomp\cps1\sf2\build_cmake\sf2.dir\release\sf2.tlog\cl.command.1.tlog
d:\recomp\cps1\sf2\build_cmake\sf2.dir\release\sf2.tlog\cl.items.tlog
d:\recomp\cps1\sf2\build_cmake\sf2.dir\release\sf2.tlog\cl.read.1.tlog
d:\recomp\cps1\sf2\build_cmake\sf2.dir\release\sf2.tlog\cl.write.1.tlog
d:\recomp\cps1\sf2\build_cmake\sf2.dir\release\sf2.tlog\custombuild.command.1.tlog
d:\recomp\cps1\sf2\build_cmake\sf2.dir\release\sf2.tlog\custombuild.read.1.tlog
d:\recomp\cps1\sf2\build_cmake\sf2.dir\release\sf2.tlog\custombuild.write.1.tlog
d:\recomp\cps1\sf2\build_cmake\sf2.dir\release\sf2.tlog\link.command.1.tlog
d:\recomp\cps1\sf2\build_cmake\sf2.dir\release\sf2.tlog\link.read.1.tlog
d:\recomp\cps1\sf2\build_cmake\sf2.dir\release\sf2.tlog\link.secondary.1.tlog
d:\recomp\cps1\sf2\build_cmake\sf2.dir\release\sf2.tlog\link.write.1.tlog
